// Jest Snapshot v1, https://goo.gl/fbAQLP

exports[`Test Layout component Layout snapshot 1`] = `
<article
  className="layout"
>
  Home
</article>
`;
