// Jest Snapshot v1, https://goo.gl/fbAQLP

exports[`Test CardContent component CardContent snapshot 1`] = `
<section
  className="card__content"
>
  Home
</section>
`;
