// Jest Snapshot v1, https://goo.gl/fbAQLP

exports[`Test Input component Input snapshot 1`] = `
<input
  className="input-type"
/>
`;
